// Jest Snapshot v1, https://goo.gl/fbAQLP

exports[`App snapshot renders the loading screen 1`] = `null`;

exports[`App snapshot renders the root without loading screen 1`] = `
<View
  style={
    Object {
      "backgroundColor": "#fff",
      "flex": 1,
    }
  }
>
  <View
    onLayout={[Function]}
    style={
      Object {
        "flex": 1,
      }
    }
  >
    <View
      onMoveShouldSetResponder={[Function]}
      onMoveShouldSetResponderCapture={[Function]}
      onResponderEnd={[Function]}
      onResponderGrant={[Function]}
      onResponderMove={[Function]}
      onResponderReject={[Function]}
      onResponderRelease={[Function]}
      onResponderStart={[Function]}
      onResponderTerminate={[Function]}
      onResponderTerminationRequest={[Function]}
      onStartShouldSetResponder={[Function]}
      onStartShouldSetResponderCapture={[Function]}
      style={
        Array [
          Object {
            "flex": 1,
            "flexDirection": "column-reverse",
          },
          Object {
            "backgroundColor": "#000",
          },
        ]
      }
    >
      <View
        style={
          Object {
            "flex": 1,
          }
        }
      >
        <View
          accessibilityElementsHidden={false}
          pointerEvents="auto"
          style={
            Object {
              "backgroundColor": "#E9E9EF",
              "bottom": 0,
              "left": 0,
              "opacity": 1,
              "paddingTop": 64,
              "position": "absolute",
              "right": 0,
              "shadowColor": "black",
              "shadowOffset": Object {
                "height": 0,
                "width": 0,
              },
              "shadowOpacity": 0.2,
              "shadowRadius": 5,
              "top": 0,
              "transform": Array [
                Object {
                  "translateX": 0,
                },
                Object {
                  "translateY": 0,
                },
              ],
            }
          }
        >
          <View
            style={
              Object {
                "alignItems": "center",
                "height": "100%",
                "justifyContent": "center",
                "width": "100%",
              }
            }
          >
            <View
              style={
                Array [
                  Object {
                    "marginLeft": 15,
                    "marginRight": 15,
                  },
                  undefined,
                  undefined,
                  undefined,
                ]
              }
            >
              <View
                accessible={true}
                isTVSelectable={true}
                onResponderGrant={[Function]}
                onResponderMove={[Function]}
                onResponderRelease={[Function]}
                onResponderTerminate={[Function]}
                onResponderTerminationRequest={[Function]}
                onStartShouldSetResponder={[Function]}
                style={null}
              >
                <View
                  pointerEvents="box-only"
                  style={
                    Array [
                      Object {
                        "alignItems": "center",
                        "backgroundColor": "#9E9E9E",
                        "flexDirection": "row",
                        "justifyContent": "center",
                        "padding": 19,
                      },
                      undefined,
                      undefined,
                      undefined,
                      undefined,
                      undefined,
                      Object {
                        "backgroundColor": "#3B5998",
                      },
                      undefined,
                      Object {
                        "padding": 12,
                      },
                      Object {
                        "borderRadius": 66.5,
                        "paddingHorizontal": 18,
                      },
                      undefined,
                      undefined,
                      undefined,
                      undefined,
                      undefined,
                    ]
                  }
                >
                  <Text
                    accessible={true}
                    allowFontScaling={true}
                    ellipsizeMode="tail"
                    style={
                      Array [
                        Object {},
                        undefined,
                        undefined,
                        undefined,
                        undefined,
                        undefined,
                        undefined,
                        undefined,
                        undefined,
                        undefined,
                        Array [
                          Object {
                            "color": "white",
                            "fontSize": 20,
                          },
                          undefined,
                          Object {
                            "fontSize": 17.5,
                          },
                          undefined,
                          undefined,
                          undefined,
                          undefined,
                          undefined,
                        ],
                      ]
                    }
                  >
                    Login with Facebook
                  </Text>
                </View>
              </View>
            </View>
          </View>
        </View>
      </View>
      <View
        onLayout={[Function]}
        pointerEvents="box-none"
        style={
          Object {
            "left": 0,
            "position": "absolute",
            "right": 0,
            "top": 0,
          }
        }
      >
        <View
          style={
            Object {
              "backgroundColor": "#FFF",
              "transform": Array [
                Object {
                  "translateX": 0,
                },
              ],
            }
          }
        >
          <View
            onLayout={[Function]}
            pointerEvents="box-none"
            style={
              Object {
                "backgroundColor": "#FFF",
                "borderBottomColor": "#A7A7AA",
                "borderBottomWidth": 0.5,
                "height": 64,
                "marginTop": 0,
                "paddingBottom": 0,
                "paddingLeft": 0,
                "paddingRight": 0,
                "paddingTop": 20,
              }
            }
          >
            <View
              style={
                Object {
                  "flex": 1,
                }
              }
            >
              <View
                style={
                  Object {
                    "bottom": 0,
                    "flexDirection": "row",
                    "left": 0,
                    "position": "absolute",
                    "right": 0,
                    "top": 0,
                  }
                }
              >
                <View
                  pointerEvents="box-none"
                  style={
                    Object {
                      "alignItems": "center",
                      "backgroundColor": "transparent",
                      "bottom": 0,
                      "flexDirection": "row",
                      "justifyContent": "center",
                      "left": 0,
                      "opacity": 1,
                      "position": "absolute",
                      "right": 0,
                      "top": 0,
                    }
                  }
                >
                  <Text
                    accessibilityTraits="header"
                    accessible={false}
                    allowFontScaling={true}
                    ellipsizeMode="tail"
                    numberOfLines={1}
                    onLayout={[Function]}
                    style={
                      Object {
                        "color": "rgba(0, 0, 0, .9)",
                        "fontSize": 17,
                        "fontWeight": "600",
                        "marginHorizontal": 16,
                        "textAlign": "center",
                      }
                    }
                  >
                    Sign In
                  </Text>
                </View>
              </View>
            </View>
          </View>
        </View>
      </View>
    </View>
  </View>
</View>
`;
